[     266ms] [WARNING] No `HydrateFallback` element provided to render during initial hydration @ https://www.kaggle.com/static/assets/vendor.js?v=704070c93829c513:251
[     655ms] [ERROR] Failed to load resource: the server responded with a status of 403 () @ https://www.kaggle.com/api/i/competitions.PageService/GetPage:0
[     953ms] TypeError: t.message.contains is not a function
    at https://www.kaggle.com/static/assets/8796.aa74a46815748106.js:1:33522
    at Object.<anonymous> (https://www.kaggle.com/static/assets/8796.aa74a46815748106.js:1:27553)
    at I (https://www.kaggle.com/static/assets/8796.aa74a46815748106.js:1:25213)
    at l (https://www.kaggle.com/static/assets/8796.aa74a46815748106.js:1:25446)
[   11830ms] [ERROR] Failed to load resource: the server responded with a status of 403 () @ https://www.kaggle.com/api/i/datasets.DatasetService/GetDataViewExternal:0
[   11830ms] [ERROR] Failed to load resource: the server responded with a status of 403 () @ https://www.kaggle.com/api/i/datasets.databundles.DatabundleService/GetDatabundleExternalColumns:0
[   11939ms] [ERROR] Failed to load resource: the server responded with a status of 403 () @ https://www.kaggle.com/api/i/competitions.PageService/GetPage:0
[   11946ms] TypeError: t.message.contains is not a function
    at https://www.kaggle.com/static/assets/8796.aa74a46815748106.js:1:33522
    at Object.<anonymous> (https://www.kaggle.com/static/assets/8796.aa74a46815748106.js:1:27553)
    at I (https://www.kaggle.com/static/assets/8796.aa74a46815748106.js:1:25213)
    at l (https://www.kaggle.com/static/assets/8796.aa74a46815748106.js:1:25446)
[  144017ms] [ERROR] Failed to load resource: the server responded with a status of 401 () @ https://www.kaggle.com/api/i/competitions.HostService/GetCompetitionSimulationSettings:0
[  144017ms] t: Unauthenticated
    at v (https://www.kaggle.com/static/assets/app.js?v=ddd9b8bdb87a75d5:1:1635730)
    at https://www.kaggle.com/static/assets/app.js?v=ddd9b8bdb87a75d5:1:2432096
    at c (https://www.kaggle.com/static/assets/app.js?v=ddd9b8bdb87a75d5:1:2430902)
    at Object.<anonymous> (https://www.kaggle.com/static/assets/app.js?v=ddd9b8bdb87a75d5:1:2430189)
    at w (https://www.kaggle.com/static/assets/app.js?v=ddd9b8bdb87a75d5:1:2428703)
    at i (https://www.kaggle.com/static/assets/app.js?v=ddd9b8bdb87a75d5:1:2428900)
